Ôû▓ Next.js 16.2.1 (Turbopack)

  Creating an optimized production build ...
node.exe : 
At line:1 char:1
+ & "C:\Program Files\nodejs/node.exe" "C:\Program 
Files\nodejs/node_mo ...
+ ~~~~~~~~~~~~~~~~~~~~~~~~~~~~~~~~~~~~~~~~~~~~~~~~~~~~~~~~~~~~~~~~~~
~~~
    + CategoryInfo          : NotSpecified: (:String) [], RemoteExc 
   eption
    + FullyQualifiedErrorId : NativeCommandError
 
> Build error occurred
Error: Turbopack build failed with 2 errors:
./src/app/page.tsx:5:1
Export FilmClapperboard doesn't exist in target module
  [90m 3 |[0m [36mimport[0m { useEffect, useState, useRef, 
[33mFormEvent[0m } [36mfrom[0m [32m"react"[0m;
  [90m 4 |[0m [36mimport[0m { [33mT[0m, [33mLocale[0m, 
[33mTranslationKey[0m } [36mfrom[0m 
[32m"@/lib/translations"[0m;
[31m[1m>[0m [90m 5 |[0m [36mimport[0m { 
  [90m   |[0m [31m[1m^^^^^^^^[0m
[31m[1m>[0m [90m 6 |[0m   [33mWhatsappLogo[0m, 
[33mPlayCircle[0m, [33mHouseLine[0m, [33mStorefront[0m, 
[33mHandbagSimple[0m, 
  [90m   |[0m [31m[1m^^^^^^^^^^^^^^^^^^^^^^^^^^^^^^^^^^^^^^^^^^^
^^^^^^^^^^^^^^^^^^^^^^^[0m
[31m[1m>[0m [90m 7 |[0m   [33mBuildings[0m, 
[33mCurrencyDollarSimple[0m, [33mForkKnife[0m, 
[33mDeviceMobileCamera[0m, 
  [90m   |[0m [31m[1m^^^^^^^^^^^^^^^^^^^^^^^^^^^^^^^^^^^^^^^^^^^
^^^^^^^^^^^^^^^^^^^^^^^[0m
[31m[1m>[0m [90m 8 |[0m   [33mFilmClapperboard[0m, 
[33mMagicWand[0m, [33mPalette[0m, [33mBriefcase[0m, 
[33mEnvelope[0m, 
  [90m   |[0m [31m[1m^^^^^^^^^^^^^^^^^^^^^^^^^^^^^^^^^^^^^^^^^^^
^^^^^^^^^^^^^^^^^^[0m
[31m[1m>[0m [90m 9 |[0m   [33mInstagramLogo[0m, 
[33mMapPin[0m, [33mPaperPlaneTilt[0m, [33mArrowUpRight[0m 
  [90m   |[0m 
[31m[1m^^^^^^^^^^^^^^^^^^^^^^^^^^^^^^^^^^^^^^^^^^^^^^^^^^^^^^[0m
[31m[1m>[0m [90m10 |[0m } [36mfrom[0m 
[32m"@phosphor-icons/react/dist/ssr"[0m;
  [90m   |[0m 
[31m[1m^^^^^^^^^^^^^^^^^^^^^^^^^^^^^^^^^^^^^^^^[0m
  [90m11 |[0m
  [90m12 |[0m [36mexport[0m [36mdefault[0m [36mfunction[0m 
[33mHome[0m() {
  [90m13 |[0m   [36mconst[0m [lang, setLang] = 
useState<[33mLocale[0m>([32m'pt'[0m);

The export FilmClapperboard was not found in module 
[project]/node_modules/@phosphor-icons/react/dist/ssr/index.es.js 
[app-client] (ecmascript).
Did you mean to import FileCpp?
All exports of the module are statically known (It doesn't have 
dynamic exports). So it's known statically that the requested 
export doesn't exist.

Import traces:
  Client Component Browser:
    ./src/app/page.tsx [Client Component Browser]
    ./src/app/page.tsx [Server Component]

  Client Component SSR:
    ./src/app/page.tsx [Client Component SSR]
    ./src/app/page.tsx [Server Component]


./src/app/page.tsx:5:1
Export FilmClapperboard doesn't exist in target module
  [90m 3 |[0m [36mimport[0m { useEffect, useState, useRef, 
[33mFormEvent[0m } [36mfrom[0m [32m"react"[0m;
  [90m 4 |[0m [36mimport[0m { [33mT[0m, [33mLocale[0m, 
[33mTranslationKey[0m } [36mfrom[0m 
[32m"@/lib/translations"[0m;
[31m[1m>[0m [90m 5 |[0m [36mimport[0m { 
  [90m   |[0m [31m[1m^^^^^^^^[0m
[31m[1m>[0m [90m 6 |[0m   [33mWhatsappLogo[0m, 
[33mPlayCircle[0m, [33mHouseLine[0m, [33mStorefront[0m, 
[33mHandbagSimple[0m, 
  [90m   |[0m [31m[1m^^^^^^^^^^^^^^^^^^^^^^^^^^^^^^^^^^^^^^^^^^^
^^^^^^^^^^^^^^^^^^^^^^^[0m
[31m[1m>[0m [90m 7 |[0m   [33mBuildings[0m, 
[33mCurrencyDollarSimple[0m, [33mForkKnife[0m, 
[33mDeviceMobileCamera[0m, 
  [90m   |[0m [31m[1m^^^^^^^^^^^^^^^^^^^^^^^^^^^^^^^^^^^^^^^^^^^
^^^^^^^^^^^^^^^^^^^^^^^[0m
[31m[1m>[0m [90m 8 |[0m   [33mFilmClapperboard[0m, 
[33mMagicWand[0m, [33mPalette[0m, [33mBriefcase[0m, 
[33mEnvelope[0m, 
  [90m   |[0m [31m[1m^^^^^^^^^^^^^^^^^^^^^^^^^^^^^^^^^^^^^^^^^^^
^^^^^^^^^^^^^^^^^^[0m
[31m[1m>[0m [90m 9 |[0m   [33mInstagramLogo[0m, 
[33mMapPin[0m, [33mPaperPlaneTilt[0m, [33mArrowUpRight[0m 
  [90m   |[0m 
[31m[1m^^^^^^^^^^^^^^^^^^^^^^^^^^^^^^^^^^^^^^^^^^^^^^^^^^^^^^[0m
[31m[1m>[0m [90m10 |[0m } [36mfrom[0m 
[32m"@phosphor-icons/react/dist/ssr"[0m;
  [90m   |[0m 
[31m[1m^^^^^^^^^^^^^^^^^^^^^^^^^^^^^^^^^^^^^^^^[0m
  [90m11 |[0m
  [90m12 |[0m [36mexport[0m [36mdefault[0m [36mfunction[0m 
[33mHome[0m() {
  [90m13 |[0m   [36mconst[0m [lang, setLang] = 
useState<[33mLocale[0m>([32m'pt'[0m);

The export FilmClapperboard was not found in module 
[project]/node_modules/@phosphor-icons/react/dist/ssr/index.es.js 
[app-ssr] (ecmascript).
Did you mean to import FileCpp?
All exports of the module are statically known (It doesn't have 
dynamic exports). So it's known statically that the requested 
export doesn't exist.

Import traces:
  Client Component Browser:
    ./src/app/page.tsx [Client Component Browser]
    ./src/app/page.tsx [Server Component]

  Client Component SSR:
    ./src/app/page.tsx [Client Component SSR]
    ./src/app/page.tsx [Server Component]


    at <unknown> (./src/app/page.tsx:5:1)
    at <unknown> (./src/app/page.tsx:5:1)
